[trendytheme.net/demo/iamx/v/index-2.html]
[backblue.gif]
[fade.gif]
[index.html]
[trendytheme.net/demo/iamx/v/assets/bootstrap/css/bootstrap.min.css]
[trendytheme.net/demo/iamx/v/assets/css/font-awesome.min.css]
[trendytheme.net/demo/iamx/v/assets/css/animate.css]
[trendytheme.net/demo/iamx/v/assets/css/magnific-popup.css]
[trendytheme.net/demo/iamx/v/assets/css/style.css]
[trendytheme.net/demo/iamx/v/assets/css/responsive.css]
[trendytheme.net/demo/iamx/v/assets/images/ico/favicon.png]
[trendytheme.net/demo/iamx/v/assets/images/ico/apple-touch-icon-144-precomposed.png]
[trendytheme.net/demo/iamx/v/assets/images/ico/apple-touch-icon-114-precomposed.png]
[trendytheme.net/demo/iamx/v/assets/images/ico/apple-touch-icon-72-precomposed.png]
[trendytheme.net/demo/iamx/v/assets/images/ico/apple-touch-icon-57-precomposed.png]
[trendytheme.net/demo/iamx/v/assets/images/sign-white.png]
[trendytheme.net/demo/iamx/v/index.html]
[trendytheme.net/demo/iamx/v/assets/images/logo.png]
[trendytheme.net/demo/iamx/v/assets/images/works/portfolio-1.jpg]
[trendytheme.net/demo/iamx/v/assets/images/works/portfolio-2.jpg]
[trendytheme.net/demo/iamx/v/assets/images/works/portfolio-3.jpg]
[trendytheme.net/demo/iamx/v/assets/images/works/portfolio-4.jpg]
[trendytheme.net/demo/iamx/v/assets/images/works/portfolio-5.jpg]
[trendytheme.net/demo/iamx/v/assets/images/works/portfolio-6.jpg]
[trendytheme.net/demo/iamx/v/assets/images/works/portfolio-7.jpg]
[trendytheme.net/demo/iamx/v/assets/images/works/portfolio-8.jpg]
[trendytheme.net/demo/iamx/v/assets/images/blog/01.jpg]
[trendytheme.net/demo/iamx/v/assets/images/blog/02.jpg]
[trendytheme.net/demo/iamx/v/assets/images/blog/03.jpg]
[trendytheme.net/demo/iamx/v/assets/bootstrap/js/bootstrap.min.js]
[trendytheme.net/demo/iamx/v/assets/js/jquery.stellar.min.js]
[trendytheme.net/demo/iamx/v/assets/js/jquery.sticky.js]
[trendytheme.net/demo/iamx/v/assets/js/jquery.js]
[trendytheme.net/demo/iamx/v/assets/js/smoothscroll.js]
[trendytheme.net/demo/iamx/v/assets/js/wow.min.js]
[trendytheme.net/demo/iamx/v/assets/js/jquery.countTo.js]
[trendytheme.net/demo/iamx/v/assets/js/jquery.inview.min.js]
[trendytheme.net/demo/iamx/v/assets/js/jquery.easypiechart.js]
[trendytheme.net/demo/iamx/v/assets/js/jquery.shuffle.min.js]
[trendytheme.net/demo/iamx/v/assets/js/jquery.magnific-popup.min.js]
[a.vimeocdn.com/js/froogaloop2.min.js]
[trendytheme.net/demo/iamx/v/assets/js/jquery.fitvids.js]
[trendytheme.net/demo/iamx/v/index-2.html]
[trendytheme.net/demo/iamx/v/assets/js/scripts.js]
[trendytheme.net/demo/iamx/v/assets/bootstrap/fonts/glyphicons-halflings-regular.eot]
[trendytheme.net/demo/iamx/v/assets/bootstrap/fonts/glyphicons-halflings-regulard41d.eot]
[trendytheme.net/demo/iamx/v/assets/bootstrap/fonts/glyphicons-halflings-regular.woff]
[trendytheme.net/demo/iamx/v/assets/bootstrap/fonts/glyphicons-halflings-regular.ttf]
[trendytheme.net/demo/iamx/v/assets/bootstrap/fonts/glyphicons-halflings-regular.woff2]
[trendytheme.net/demo/iamx/v/assets/bootstrap/css/bootstrap.min.css]
[trendytheme.net/demo/iamx/v/assets/fonts/fontawesome/fontawesome-webfont78ce.eot]
[trendytheme.net/demo/iamx/v/assets/fonts/fontawesome/fontawesome-webfontd41d.eot]
[trendytheme.net/demo/iamx/v/assets/fonts/fontawesome/fontawesome-webfont78ce.woff]
[trendytheme.net/demo/iamx/v/assets/fonts/fontawesome/fontawesome-webfont78ce.ttf]
[trendytheme.net/demo/iamx/v/assets/css/font-awesome.min.css]
[trendytheme.net/demo/iamx/v/assets/css/animate.css]
[trendytheme.net/demo/iamx/v/assets/css/magnific-popup.css]
[trendytheme.net/demo/iamx/v/assets/images/section-divider.png]
[trendytheme.net/demo/iamx/v/assets/images/home2.jpg]
[trendytheme.net/demo/iamx/v/assets/images/photo-frame.png]
[trendytheme.net/demo/iamx/v/assets/images/video-bg.jpg]
[trendytheme.net/demo/iamx/v/assets/images/counter-bg.jpg]
[trendytheme.net/demo/iamx/v/assets/images/hire-bg.jpg]
[trendytheme.net/demo/iamx/v/assets/images/preloader.gif]
[trendytheme.net/demo/iamx/v/assets/images/home-2.jpg]
[trendytheme.net/demo/iamx/v/assets/images/service-bg.jpg]
[trendytheme.net/demo/iamx/v/assets/css/style.css]
[trendytheme.net/demo/iamx/v/assets/css/responsive.css]
[trendytheme.net/demo/iamx/v/assets/images/myphoto.jpg]
[trendytheme.net/demo/iamx/v/assets/images/sign.png]
[trendytheme.net/demo/iamx/v/index.html]
[trendytheme.net/demo/iamx/v/assets/bootstrap/fonts/glyphicons-halflings-regular.svg]
[trendytheme.net/demo/iamx/v/assets/fonts/fontawesome/fontawesome-webfont78ce.svg]
